// Vitest Snapshot v1, https://vitest.dev/guide/snapshot.html

exports[`Tensorboard > base component snapshot 1`] = `
<DocumentFragment>
  <div>
    <div>
      <div
        class="f104cl0n"
      >
        <div
          class="MuiFormControl-root formControl_f59g3c5 css-1iw3t7y-MuiFormControl-root"
        >
          <label
            class="MuiFormLabel-root MuiInputLabel-root MuiInputLabel-formControl MuiInputLabel-animated MuiInputLabel-shrink MuiInputLabel-standard MuiFormLabel-colorPrimary MuiFormLabel-filled MuiInputLabel-root MuiInputLabel-formControl MuiInputLabel-animated MuiInputLabel-shrink MuiInputLabel-standard css-1ew92b2-MuiFormLabel-root-MuiInputLabel-root"
            data-shrink="true"
            id="viewer-tb-image-label"
          >
            TF Image
          </label>
          <div
            class="MuiInputBase-root MuiInput-root MuiInput-underline MuiInputBase-colorPrimary MuiInputBase-formControl select_fczmju MuiSelect-root css-1vgb3kf-MuiInputBase-root-MuiInput-root"
          >
            <div
              aria-expanded="false"
              aria-haspopup="listbox"
              aria-labelledby="viewer-tb-image-label"
              class="MuiSelect-select MuiSelect-standard MuiInputBase-input MuiInput-input css-1skkqr-MuiNativeSelect-root-MuiSelect-select-MuiInputBase-input-MuiInput-input"
              role="combobox"
              tabindex="0"
            >
              TensorFlow 2.2.2
            </div>
            <input
              aria-hidden="true"
              aria-invalid="false"
              class="MuiSelect-nativeInput css-j0riat-MuiSelect-nativeInput"
              id="viewer-tb-image-select"
              tabindex="-1"
              value="tensorflow/tensorflow:2.2.2"
            />
            <svg
              aria-hidden="true"
              class="MuiSvgIcon-root MuiSvgIcon-fontSizeMedium MuiSelect-icon css-ug7h84-MuiSvgIcon-root-MuiNativeSelect-root-MuiSelect-icon"
              data-testid="ArrowDropDownIcon"
              focusable="false"
              viewBox="0 0 24 24"
            >
              <path
                d="M7 10l5 5 5-5z"
              />
            </svg>
          </div>
        </div>
      </div>
      <div>
        <button
          class="MuiButtonBase-root MuiButton-root MuiButton-text MuiButton-sizeMedium MuiButton-colorSecondary root_f1gmzqw4 buttonAction_f1olq6uy css-1ffl2lv-MuiButtonBase-root-MuiButton-root"
          tabindex="0"
          type="button"
        >
          <span>
            Start Tensorboard
          </span>
        </button>
      </div>
    </div>
  </div>
</DocumentFragment>
`;
